PATH:/public/home/zhangxin/zuda/test
~/zuda ~/zuda/test
HOME:/public/home/zhangxin/zuda
~/zuda/test
~/zuda/build ~/zuda/test
###test_zuda_cpu.sh is running...:2023-07-31-22-32-31###
Compiling zuda_cpu.pyx because it changed.
[1/1] Cythonizing zuda_cpu.pyx
running build_ext
building 'zuda_cpu' extension
creating build
creating build/temp.linux-x86_64-cpython-310
/public/soft/linux-centos7-x86_64/gcc-4.8.5/gcc-10.3.0-uoicdrf766usj4ma5wxqq4zaqgatfyy3/bin/gcc -Wno-unused-result -Wsign-compare -DNDEBUG -fwrapv -O2 -Wall -fPIC -O2 -isystem /public/soft/linux-centos7-x86_64/gcc-10.3.0/miniconda3-22.11.1-jrusysshr36o4fjbexlhrpljufoxhu4b/include -fPIC -O2 -isystem /public/soft/linux-centos7-x86_64/gcc-10.3.0/miniconda3-22.11.1-jrusysshr36o4fjbexlhrpljufoxhu4b/include -fPIC -I/public/home/zhangxin/external-libraries/numpy/core/include -I/public/soft/linux-centos7-x86_64/gcc-10.3.0/miniconda3-22.11.1-jrusysshr36o4fjbexlhrpljufoxhu4b/include/python3.10 -c zuda_cpu.cpp -o build/temp.linux-x86_64-cpython-310/zuda_cpu.o
creating build/lib.linux-x86_64-cpython-310
/public/soft/linux-centos7-x86_64/gcc-4.8.5/gcc-10.3.0-uoicdrf766usj4ma5wxqq4zaqgatfyy3/bin/g++ -shared -Wl,-rpath,/public/soft/linux-centos7-x86_64/gcc-10.3.0/miniconda3-22.11.1-jrusysshr36o4fjbexlhrpljufoxhu4b/lib -Wl,-rpath-link,/public/soft/linux-centos7-x86_64/gcc-10.3.0/miniconda3-22.11.1-jrusysshr36o4fjbexlhrpljufoxhu4b/lib -L/public/soft/linux-centos7-x86_64/gcc-10.3.0/miniconda3-22.11.1-jrusysshr36o4fjbexlhrpljufoxhu4b/lib -Wl,-rpath,/public/soft/linux-centos7-x86_64/gcc-10.3.0/miniconda3-22.11.1-jrusysshr36o4fjbexlhrpljufoxhu4b/lib -Wl,-rpath-link,/public/soft/linux-centos7-x86_64/gcc-10.3.0/miniconda3-22.11.1-jrusysshr36o4fjbexlhrpljufoxhu4b/lib -L/public/soft/linux-centos7-x86_64/gcc-10.3.0/miniconda3-22.11.1-jrusysshr36o4fjbexlhrpljufoxhu4b/lib build/temp.linux-x86_64-cpython-310/zuda_cpu.o -o build/lib.linux-x86_64-cpython-310/zuda_cpu.cpython-310-x86_64-linux-gnu.so
copying build/lib.linux-x86_64-cpython-310/zuda_cpu.cpython-310-x86_64-linux-gnu.so -> 
mv ./zuda_cpu.cpython-310-x86_64-linux-gnu.so /public/home/zhangxin/zuda/lib
mv ./build/lib.linux-x86_64-cpython-310/zuda_cpu.cpython-310-x86_64-linux-gnu.so /public/home/zhangxin/zuda/lib
~/zuda/test ~/zuda/build ~/zuda/test
~/zuda/build ~/zuda/test
###test_zuda_cpu.sh is done......:2023-07-31-22-32-38###
~/zuda/test
